!% -v5
!% -E1
global _bglInitDone = 0;
[bglInit;
    if(_bglInitDone) return;
    _bglInitDone = 1;
];
object _bglUtil
;
object bgl
  with utilities _bglutil
;
global counter = 0;
class score
  with
    value 0,
    bump[amount;
        self.value=self.value + amount;
    ],
    doubled[;
        return self.value * 2;
    ]
;
score s;
[makeCount counter;
    return counter + 1;
];
[main twiceVal;
    print counter;
    counter = 5;
    print makecount(10);
    print counter;
    s.bump(3);
    s.bump(4);
    print s.value;
    print s.doubled();
    twiceVal = _bglLambda_0;
    print twiceVal(6);
];
[_bglLambda_0 value;
    return value + value;
];
