!% -v5
!% -E1
!% $OMIT_UNUSED_ROUTINES=1
Constant beguiler = 1000;
#Ifdef beguiler;#Endif;
Serial "260330";
Release 42;

    Constant BGL_TEST_EARLY = 100;

global _bglInitDone = 0;
[bglInit;
    if(_bglInitDone) return;
    _bglInitDone = 1;

    ! startup block test

];
object _zcode
;
object _bglUtil
;
object bgl
  with zcode _zcode,
       bglUtil _bglutil
;
constant story = "Directive Test";
constant author = "Tester";
constant gameRelease = 42;
[main ws;
    print (string)"Feature A enabled";
    print (string)"Many items";
    print (string)story;
    ws=2;
    print ws;
];

    [ BglTestHelper; return 0; ];

