!% -G
!% -E1
Constant beguiler = 1000;
#Ifdef beguiler;#Endif;
global _bgl_temp0;
global _bglInitDone = 0;
[bglInit;
    if(_bglInitDone) return;
    _bglInitDone = 1;
];
object _bglUtil
;
object bgl
  with utilities _bglutil
;
object _bglWidget
  with countsame_1_int [x;
    return x;
  ],
       greet_1_int [n;
    return n;
  ],
       doubleIt [n;
    return n + n;
  ],
       countsame_2_int_int [x y;
    return x + y;
  ],
       countsame_3_int_int_int [x y z;
    return x + y + z;
  ],
       greet_1_string [s;
    return 7;
  ]
;
object _bglMaybe
  with safecall_1_int [x;
    return x;
  ],
       safecall_2_int_int [x y;
    return x * y;
  ]
;
[main n1 n2 n3 n4 n5 n6 n7;
    n1=_bglwidget.countsame_1_int(5);
    n2=_bglwidget.countsame_2_int_int(3, 4);
    n3=_bglwidget.countsame_3_int_int_int(1, 2, 3);
    n4=_bglwidget.greet_1_int(10);
    n5=_bglwidget.greet_1_string("hi");
    n6=_bglwidget.doubleit(11);
    _bgl_temp0 = _bglmaybe; if (_bgl_temp0 ~= nothing) { _bgl_temp0 = _bgl_temp0.safecall_2_int_int(2, 3); }
    n7=_bgl_temp0;
    print n1;
    print n2;
    print n3;
    print n4;
    print n5;
    print n6;
    print n7;
];
