!% -v5
!% -E1
!% $OMIT_UNUSED_ROUTINES=1
Constant beguiler = 1000;
#Ifdef beguiler;#Endif;
global _bglInitDone = 0;
[bglInit;
    if(_bglInitDone) return;
    _bglInitDone = 1;
];
object _zcode
;
object _bglUtil
;
object bgl
  with zcode _zcode,
       bglUtil _bglutil
;
[demo f;
];
[main c f;
    c = 1;
    f = 4;
    if (c==1) {
        print (string)"c is red";
    }
    if (f==4) {
        print (string)"f is also red";
    }
    c = 1;
    f = 4;
    demo(4);
];
