!% -v5
!% -E1

    Array _bglScratchStack --> 33;
    Global _bglScratchTop = 0;
    [ _bglScratchPush v;
        if(_bglScratchTop >= 31){
            print "^[Beguile runtime error: for-in literal-list scratch exhausted]^";
            quit;
        }
        _bglScratchTop++;
        _bglScratchStack-->_bglScratchTop = v;
    ];
    [ _bglScratchMake count;
        _bglScratchStack-->(_bglScratchStack-->0) = $9084;     ! magic marker
        _bglScratchStack-->(_bglScratchStack-->0 - 1) = count; ! length
        _bglScratchTop = 0;
        return _bglScratchStack;
    ];

global _bglInitDone = 0;
[bglInit;
    if(_bglInitDone) return;
    _bglInitDone = 1;
];
object _bglUtil
;
object bgl
  with utilities _bglutil
;
[apply f x;
    return f(x);
];
[main f g isEven;
    f = _bglLambda_0;
    print f(5);
    print apply(_bglLambda_1,7);
    g=apply(_bglLambda_2,3);
    print g;
    isEven = _bglLambda_3;
    if(isEven(4) == true) print "true"; else print "false";
    if(isEven(7) == true) print "true"; else print "false";
];
[_bglLambda_0 n;
    return n + 1;
];
[_bglLambda_1 n;
    return n * 2;
];
[_bglLambda_2 n;
    return n + 10;
];
[_bglLambda_3 n;
    return (n & 1)==0;
];
