!% -v5
!% -E1
!% $OMIT_UNUSED_ROUTINES=1
Constant beguiler = 5;
#Ifdef beguiler;#Endif;
   Array _bglFramePool --> 64;
   Global _bglFrameTop = 0;
   [ _bglFrameAlloc size r;
      if (_bglFrameTop + size > 64) {
         print "^[Beguile runtime error: frame pool exhausted]^";
         quit;
      }
      r = _bglFrameTop;
      _bglFrameTop = _bglFrameTop + size;
      return _bglFramePool + (r * WORDSIZE);
   ];
   [ _bglFrameFree size;
      _bglFrameTop = _bglFrameTop - size;
   ];
   [ _bglArrayLocalAlloc size r i;
      r = _bglFrameAlloc(size + 3);
      r-->0 = size + 2;
      for (i = 1: i <= size: i++) r-->i = 0;
      r-->(size + 1) = 0;
      r-->(size + 2) = $9084;
      return r;
   ];
   [ _bglArrayLocalAllocPlain size r i;
      r = _bglFrameAlloc(size + 1);
      r-->0 = size;
      for (i = 1: i <= size: i++) r-->i = 0;
      return r;
   ];
   [ _bglRawArrayLocalAlloc size r i;
      r = _bglFrameAlloc(size);
      for (i = 0: i < size: i++) r-->i = 0;
      return r;
   ];
   [ _bglByteArrayLocalAlloc nbytes words r i;
      words = 1 + ((nbytes + WORDSIZE - 1) / WORDSIZE);
      r = _bglFrameAlloc(words);
      for (i = 0: i < words: i++) r-->i = 0;
      r-->0 = nbytes;
      return r;
   ];
   [ _bglByteArrayLocalFree nbytes;
      _bglFrameFree(1 + ((nbytes + WORDSIZE - 1) / WORDSIZE));
   ];
   [ _bglByteArrayLocalCopy dst src i;
      for (i = 0: i < src-->0: i++) dst->(WORDSIZE + i) = src->(WORDSIZE + i);
   ];
global _bglInitDone = 0;
[bglInit;
    if(_bglInitDone) return;
    _bglInitDone = 1;
];
 Constant NO_ATTRIBUTE 0; 
global _bglWorldBufIdx = -1;
constant _bglWorldBufSize = 128;
object _zcode
;
object bgl
  with zcode _zcode
;
object widget
  with nums 10 20 30 ,
       readElem [;
    return self.&nums-->(1);
  ],
       writeElem [;
    self.&nums-->(0) = 99;
  ],
       sumElems [t x _bglfi1;
    t = 0;
       _bglfi1 = 0;
       for (: _bglfi1 < ((self.#nums)/WORDSIZE) : _bglfi1++) {
          x = self.&nums-->(_bglfi1);
        t=t + x;
       }
    return t;
  ],
       sizeOf [;
    return ((self.#nums)/WORDSIZE);
  ],
       lengthOf [;
    return ((self.#nums)/WORDSIZE);
  ]
;
class _bglClass_gadget
  class object
  with
    peek[i;
        return self.&readings-->(i);
    ],
    poke[i v;
        self.&readings-->(i) = v;
    ],
    total[t x _bglfi2;
        t = 0;
           _bglfi2 = 0;
           for (: _bglfi2 < ((self.#readings)/WORDSIZE) : _bglfi2++) {
              x = self.&readings-->(_bglfi2);
            t=t + x;
           }
        return t;
    ],
    readings 1 2 3 4 
;
_bglClass_gadget g1
;
array g_nums table 7 8 9;
[main ra loc rb;
    loc = _bglArrayLocalAllocPlain(2);
    ra= g_nums-->(1+1);
    loc-->1 = 5;
    loc-->2 = 6;
    rb= loc-->(0+1);
    _bglFrameFree(3);
];
