!% -v5
!% -E1
global _bglInitDone = 0;
[bglInit;
    if(_bglInitDone) return;
    _bglInitDone = 1;
];
object _bglUtil
;
object bgl
  with utilities _bglutil
;
class emptyclass
;
[emptyFn;
];
[emptyBoolFn;
    return false;
];
object emptyObj
;
class withemptymethod
  with
    noop[;
    ],
    alwaysZero[;
        return 0;
    ]
;
withemptymethod wem;
[main;
    emptyfn();
    if(emptyboolfn() == true) print "true"; else print "false";
    wem.noop();
    print wem.alwayszero();
];
