!% -G
!% -E1
global _bglInitDone = 0;
[bglInit;
    if(_bglInitDone) return;
    _bglInitDone = 1;
];
object _bglUtil
;
object bgl
  with utilities _bglutil
;
! test_inf_mode_class_in_island.inf — Slice 4: pre-scan walks .inf body for #bgl-island
! declarations so class/enum names register as types before Pass 2 grammar matching.
!
! Without Slice 4, `class counter {}` inside #bgl{} fails with "Near 'class': expected
! type name (in class declaration)" because the grammar rule `{"class", TYPE_NAME}`
! requires the class name to already be a registered type at match time.
!
! Cases exercised:
!   - #bglDecl declares a class; raw I6 below references the class via instance.
!   - #bgl auto-detects a class declaration and routes to declaration mode.
!   - Forward reference: a class declared in a LATER island, referenced earlier in the
!     .inf body via raw I6, resolves because pre-scan walks all islands first.

! Class declared via #bglDecl. Pre-scan registers `counter` as a type so the grammar
! rule {class, TYPE_NAME} matches in Pass 2.

class counter
  with
    value 0,
    increment[;
        self.value=self.value + 1;
        return self.value;
    ]
;


! Class declared via auto-detect #bgl. Same pre-scan path.

class doubler
  with
    factor 2,
    apply[n;
        return n * self.factor;
    ]
;


! File-scope instance of counter (Beguile-side declaration, but referenced from raw I6).

counter myCounter;
doubler myDoubler;


[ Main x;
    print "before bgl.^";

    mycounter.increment();
mycounter.increment();
x = mycounter.value;
x = mydoubler.apply(x);


    print "x = ", x, "^";
];

