!% -v5
!% -E1
global _bglInitDone = 0;
[bglInit;
    if(_bglInitDone) return;
    _bglInitDone = 1;
];
object _bglUtil
;
object bgl
  with utilities _bglutil
;
class _hostclass
  with
    classconst
;
object hostObj
;
[main a b c;
    a=42;
    b=99;
    c=WORDSIZE;
    print a;
    print b;
    print c;
];
