!% -v5
!% -E1
global _bgl_temp0;
global _bgl_temp1;
global _bglInitDone = 0;
[bglInit;
    if(_bglInitDone) return;
    _bglInitDone = 1;
];
object _bglUtil
;
object bgl
  with utilities _bglutil
;
class wrappeda
  class object
  with
    storage 0
;
class wrappedb
  class object
  with
    storage 0
;
wrappeda wa
  with storage 10
;
wrappedb wb
  with storage 20
;
[main a b c d;
    _bgl_temp0 = wa.storage + 1;
    a=_bgl_temp0;
    b=wb.storage;
    print a;
    print (string)"^";
    print b;
    print (string)"^";
    c=(wb).storage;
    print c;
    print (string)"^";
    _bgl_temp1 = (wa).storage + 1;
    d=_bgl_temp1;
    print d;
    print (string)"^";
];
