!% -v5
!% -E1
!% $OMIT_UNUSED_ROUTINES=1
Constant beguiler = 5;
#Ifdef beguiler;#Endif;
global _bglInitDone = 0;
[bglInit;
    if(_bglInitDone) return;
    _bglInitDone = 1;
];
 Constant NO_ATTRIBUTE 0; 
global _bglWorldBufIdx = -1;
constant _bglWorldBufSize = 128;
object _zcode
;
object bgl
  with zcode _zcode
;
class _bglClass_EmptyClass
;
[emptyFn;
];
[emptyBoolFn;
    return false;
];
object emptyObj
;
class _bglClass_WithEmptyMethod
  with
    noop[;
    ],
    alwaysZero[;
        return 0;
    ]
;
_bglClass_WithEmptyMethod wem
;
[main;
    emptyfn();
    if(emptyboolfn() == true) print "true"; else print "false";
    wem.noop();
    print wem.alwayszero();
];
