!% -v5
!% -E1
Constant _BGL_LINQ_SCRATCH_SIZE = 32;
global _bgl_temp0;
global _bgl_temp1;
global _bgl_temp2;
global _bgl_temp3;
global _bgl_temp4;

    Array _bglScratchStack --> 33;
    Global _bglScratchTop = 0;
    [ _bglScratchPush v;
        if(_bglScratchTop >= 31){
            print "^[Beguile runtime error: for-in literal-list scratch exhausted]^";
            quit;
        }
        _bglScratchTop++;
        _bglScratchStack-->_bglScratchTop = v;
    ];
    [ _bglScratchMake count;
        _bglScratchStack-->(_bglScratchStack-->0) = $9084;     ! magic marker
        _bglScratchStack-->(_bglScratchStack-->0 - 1) = count; ! length
        _bglScratchTop = 0;
        return _bglScratchStack;
    ];


    Array _bglLinqScratchA --> _BGL_LINQ_SCRATCH_SIZE + 2;
    Array _bglLinqScratchB --> _BGL_LINQ_SCRATCH_SIZE + 2;
    Global _bglLinqParity = 0;
    [ _bglLinqWrite;
        if(_bglLinqParity == 0) return _bglLinqScratchB;
        return _bglLinqScratchA;
    ];
    [ _bglLinqFlip;
        _bglLinqParity = 1 - _bglLinqParity;
    ];

global _bglInitDone = 0;
[bglInit;
    if(_bglInitDone) return;
    _bglInitDone = 1;
    g_sparse-->(g_sparse-->0) = $9084;
    g_sl-->(g_sl-->0) = $9084;
    g_w-->(g_w-->0) = $9084;
    g_ap-->(g_ap-->0) = $9084;
    g_pp-->(g_pp-->0) = $9084;
    g_ins-->(g_ins-->0) = $9084;
    g_full-->(g_full-->0) = $9084;
    g_stack-->(g_stack-->0) = $9084;
    g_queue-->(g_queue-->0) = $9084;

    _bglLinqScratchA-->(_bglLinqScratchA-->0)     = $9084;
    _bglLinqScratchA-->(_bglLinqScratchA-->0 - 1) = 0;
    _bglLinqScratchB-->(_bglLinqScratchB-->0)     = $9084;
    _bglLinqScratchB-->(_bglLinqScratchB-->0 - 1) = 0;

];
object _bglUtil
;
object bgl
  with utilities _bglutil
;
[_bglArrayCompareAsc lhs rhs;
    
        if(lhs < rhs) return -1;
        if(lhs > rhs) return 1;
        return 0;
    
    return 0;
];
object _bglArray
  with isTracked [arr;
    return  arr-->( arr-->(-1+1) -1+1) ==36996&& arr-->( arr-->(-1+1) -2+1) >=0;
  ],
       size [arr;
    if (self.istracked(arr)) {
        return  arr-->(-1+1) -2;
    }
    return  arr-->(-1+1) ;
  ],
       length [arr;
    if (self.istracked(arr)) {
        return  arr-->( arr-->(-1+1) -2+1) ;
    }
    return  arr-->(-1+1) ;
  ],
       setLength [arr n;
    if (self.istracked(arr)) {
        if (n < 0) {
            print (string)"^[Beguile runtime error: setLength value exceeds signed range (max 32767 on Z, 2^31-1 on Glulx)]^";
             quit; 
        }
        arr-->(_bglArray.size(arr)+1) = n;
    }
  ],
       indexOf [arr val sz t;
    sz=_bglArray.size(arr);
    for (t = 0 : t < sz : t++) {
        if ( arr-->(t+1) ==val) {
            return t;
        }
    }
    return -1;
  ],
       clear [arr sz t;
    sz=_bglArray.size(arr);
    for (t = 0 : t < sz : t++) {
        arr-->(t+1) = 0;
    }
    _bglArray.setLength(arr, 0);
  ],
       swap [arr pos1 pos2 tmp;
    tmp =  arr-->(pos1+1) ;
    arr-->(pos1+1) =  arr-->(pos2+1);
    arr-->(pos2+1) = tmp;
  ],
       reverse [arr len half i;
    len=_bglArray.length(arr);
    half=len / 2;
    for (i = 0 : i < half : i++) {
        self.swap(arr, i, len - 1 - i);
    }
  ],
       append [arr val len;
    len=_bglArray.length(arr);
    if (len >= _bglArray.size(arr)) {
        return false;
    }
    arr-->(len+1) = val;
    _bglArray.setLength(arr, len + 1);
    return true;
  ],
       insert [arr pos val len i;
    len=_bglArray.length(arr);
    if (len >= _bglArray.size(arr)) {
        return false;
    }
    if (pos < 0 || pos > len) {
        return false;
    }
    for (i = len : i > pos : i--) {
        arr-->(i+1) =  arr-->(i - 1+1);
    }
    arr-->(pos+1) = val;
    _bglArray.setLength(arr, len + 1);
    return true;
  ],
       prepend [arr val;
    return self.insert(arr,0,val);
  ],
       remove [arr pos len i;
    len=_bglArray.length(arr);
    if (pos < 0 || pos >= len) {
        return;
    }
    for (i = pos : i < len - 1 : i++) {
        arr-->(i+1) =  arr-->(i + 1+1);
    }
    arr-->(len - 1+1) = 0;
    _bglArray.setLength(arr, len - 1);
  ],
       removeValue [arr val pos len;
    pos = 0;
    len=_bglArray.length(arr);
    while (pos < len) {
        if ( arr-->(pos+1) ==val) {
            self.remove(arr, pos);
            len = _bglArray.length(arr);
        }
        else {
             pos++ ;
        }
    }
  ],
       push [arr val;
    self.insert(arr, 0, val);
  ],
       pop [arr v;
    if (_bglArray.length(arr) == 0) {
        return 0;
    }
    v =  arr-->(0+1) ;
    self.remove(arr, 0);
    return v;
  ],
       dequeue [arr;
    return self.pop(arr);
  ],
       enqueue [arr val;
    self.append(arr, val);
  ],
       peek [arr;
    if (_bglArray.length(arr) == 0) {
        return 0;
    }
    return  arr-->(0+1) ;
  ],
       peekEnd [arr len;
    len=_bglArray.length(arr);
    if (len == 0) {
        return 0;
    }
    return  arr-->(len - 1+1) ;
  ],
       popEnd [arr len v;
    len=_bglArray.length(arr);
    if (len == 0) {
        return 0;
    }
    v =  arr-->(len - 1+1) ;
    self.remove(arr, len - 1);
    return v;
  ],
       sort [arr compare len i key j;
    len=_bglArray.length(arr);
    for (i = 1 : i < len : i++) {
        key =  arr-->(i+1) ;
        j=i - 1;
        while (j >= 0 && compare( arr-->(j+1) ,key) > 0) {
            arr-->(j + 1+1) =  arr-->(j+1);
             j-- ;
        }
        arr-->(j + 1+1) = key;
    }
  ],
       filter [src pred dst cap writeCount srcLen i elem;
    dst = _bgllinqwrite();
    cap = 32;
    writeCount = 0;
    srcLen=_bglArray.length(src);
    for (i = 0 : i < srclen : i++) {
        elem =  src-->(i+1) ;
        if (pred(elem)) {
            if (writecount >= cap) {
                
                        print "^[Beguile runtime error: filter() output exceeds linqScratchSize. Increase via #beguilerSettings.linqScratchSize.]^";
                        quit;
                    
            }
            dst-->(writecount+1) = elem;
             writecount++ ;
        }
    }
    _bglArray.setLength(dst, writeCount);
    _bgllinqflip();
    return dst;
  ],
       first [src;
    if (_bglArray.length(src) == 0) {
        return 0;
    }
    return  src-->(0+1) ;
  ],
       last [src len;
    len=_bglArray.length(src);
    if (len == 0) {
        return 0;
    }
    return  src-->(len - 1+1) ;
  ],
       any [src pred len i;
    len=_bglArray.length(src);
    for (i = 0 : i < len : i++) {
        if (pred( src-->(i+1) )) {
            return true;
        }
    }
    return false;
  ],
       all [src pred len i;
    len=_bglArray.length(src);
    for (i = 0 : i < len : i++) {
        if (~~pred( src-->(i+1) )) {
            return false;
        }
    }
    return true;
  ],
       map [src f dst cap srcLen i;
    dst = _bgllinqwrite();
    cap = 32;
    srcLen=_bglArray.length(src);
    if (srclen > cap) {
        
                print "^[Beguile runtime error: map() output exceeds linqScratchSize. Increase via #beguilerSettings.linqScratchSize.]^";
                quit;
            
    }
    for (i = 0 : i < srclen : i++) {
        dst-->(i+1) = f( src-->(i+1) );
    }
    _bglArray.setLength(dst, srcLen);
    _bgllinqflip();
    return dst;
  ],
       take [src n dst cap srcLen outLen i;
    dst = _bgllinqwrite();
    cap = 32;
    srcLen=_bglArray.length(src);
    outLen=n;
    if (outlen < 0) {
        outLen = 0;
    }
    if (outlen > srclen) {
        outLen = srcLen;
    }
    if (outlen > cap) {
        
                print "^[Beguile runtime error: take() output exceeds linqScratchSize. Increase via #beguilerSettings.linqScratchSize.]^";
                quit;
            
    }
    for (i = 0 : i < outlen : i++) {
        dst-->(i+1) =  src-->(i+1);
    }
    _bglArray.setLength(dst, outLen);
    _bgllinqflip();
    return dst;
  ],
       skip [src n dst cap srcLen start outLen i;
    dst = _bgllinqwrite();
    cap = 32;
    srcLen=_bglArray.length(src);
    start=n;
    if (start < 0) {
        start = 0;
    }
    if (start > srclen) {
        start = srcLen;
    }
    outLen=srclen - start;
    if (outlen > cap) {
        
                print "^[Beguile runtime error: skip() output exceeds linqScratchSize. Increase via #beguilerSettings.linqScratchSize.]^";
                quit;
            
    }
    for (i = 0 : i < outlen : i++) {
        dst-->(i+1) =  src-->(start + i+1);
    }
    _bglArray.setLength(dst, outLen);
    _bgllinqflip();
    return dst;
  ],
       takeWhile [src pred dst cap srcLen outLen i;
    dst = _bgllinqwrite();
    cap = 32;
    srcLen=_bglArray.length(src);
    outLen = 0;
    for (i = 0 : i < srclen : i++) {
        if (~~pred( src-->(i+1) )) {
            break;
        }
        if (outlen >= cap) {
            
                    print "^[Beguile runtime error: takeWhile() output exceeds linqScratchSize. Increase via #beguilerSettings.linqScratchSize.]^";
                    quit;
                
        }
        dst-->(outlen+1) =  src-->(i+1);
         outlen++ ;
    }
    _bglArray.setLength(dst, outLen);
    _bgllinqflip();
    return dst;
  ],
       skipWhile [src pred dst cap srcLen start outLen i;
    dst = _bgllinqwrite();
    cap = 32;
    srcLen=_bglArray.length(src);
    start = 0;
    while (start < srclen && pred( src-->(start+1) )) {
         start++ ;
    }
    outLen=srclen - start;
    if (outlen > cap) {
        
                print "^[Beguile runtime error: skipWhile() output exceeds linqScratchSize. Increase via #beguilerSettings.linqScratchSize.]^";
                quit;
            
    }
    for (i = 0 : i < outlen : i++) {
        dst-->(i+1) =  src-->(start + i+1);
    }
    _bglArray.setLength(dst, outLen);
    _bgllinqflip();
    return dst;
  ],
       distinct [src dst cap srcLen outLen i elem seen j;
    dst = _bgllinqwrite();
    cap = 32;
    srcLen=_bglArray.length(src);
    outLen = 0;
    for (i = 0 : i < srclen : i++) {
        elem =  src-->(i+1) ;
        seen=false;
        for (j = 0 : j < outlen : j++) {
            if ( dst-->(j+1) ==elem) {
                seen = true;
                break;
            }
        }
        if (~~seen) {
            if (outlen >= cap) {
                
                        print "^[Beguile runtime error: distinct() output exceeds linqScratchSize. Increase via #beguilerSettings.linqScratchSize.]^";
                        quit;
                    
            }
            dst-->(outlen+1) = elem;
             outlen++ ;
        }
    }
    _bglArray.setLength(dst, outLen);
    _bgllinqflip();
    return dst;
  ],
       orderBy [src compare dst cap srcLen i;
    dst = _bgllinqwrite();
    cap = 32;
    srcLen=_bglArray.length(src);
    if (srclen > cap) {
        
                print "^[Beguile runtime error: orderBy() output exceeds linqScratchSize. Increase via #beguilerSettings.linqScratchSize.]^";
                quit;
            
    }
    for (i = 0 : i < srclen : i++) {
        dst-->(i+1) =  src-->(i+1);
    }
    _bglArray.setLength(dst, srcLen);
    self.sort(dst, compare);
    _bgllinqflip();
    return dst;
  ]
;
class room
  class object
  with
    visits 0
;
room r1;
room r2;
room r3;
array g_nums table 10 20 30 40 50 5 $9084;
array g_sparse table 10;
array g_partial table 7 8 0 9 0 5 $9084;
array g_rooms table r1 r2 r3 3 $9084;
array g_sw table 1 2 3 4 5 5 $9084;
array g_rev table 10 20 30 3 $9084;
array g_cl table 1 2 3 3 $9084;
array g_sl table 7;
array g_w table 7;
array g_ap table 7;
array g_pp table 7;
array g_ins table 7;
array g_full table 4;
array g_rm table 10 20 30 40 50 5 $9084;
array g_rv table 1 7 2 7 3 7 6 $9084;
array g_stack table 7;
array g_queue table 7;
array g_back table 10 20 30 3 $9084;
array g_unsorted table 30 10 50 20 40 5 $9084;
array g_descending table 1 2 3 4 5 5 $9084;
[main;
    if (_bglArray.isTracked(g_nums)) {
        print 1;
    }
    if (_bglArray.isTracked(g_sparse)) {
        print 1;
    }
    print _bglArray.length(g_nums);
    print _bglArray.length(g_sparse);
    print _bglArray.length(g_partial);
    print _bglArray.size(g_nums);
    print _bglArray.size(g_sparse);
    print _bglArray.size(g_partial);
    print _bglArray.indexOf(g_nums, 30);
    print _bglArray.indexOf(g_nums, 99);
    print _bglArray.indexOf(g_partial, 9);
    print _bglArray.indexOf(g_nums, 40);
    if ((_bglArray.indexOf(g_nums, 20) >= 0)) {
        print 1;
    }
    if (~~(_bglArray.indexOf(g_nums, 99) >= 0)) {
        print 1;
    }
    if (~~(_bglArray.indexOf(g_nums, 20) >= 0)) {
        print 0;
    }
    else {
        print 1;
    }
    if ((_bglArray.indexOf(g_nums, 99) >= 0)) {
        print 0;
    }
    else {
        print 1;
    }
    print _bglArray.indexOf(g_rooms, r2);
    if ((_bglArray.indexOf(g_rooms, r3) >= 0)) _bgl_temp0 = 1; else _bgl_temp0 = 0;
    print _bgl_temp0;
    _bglArray.swap(g_sw, 0, 4);
    print  g_sw-->(0+1) ;
    print  g_sw-->(4+1) ;
    _bglArray.reverse(g_rev);
    print  g_rev-->(0+1) ;
    print  g_rev-->(2+1) ;
    _bglArray.clear(g_cl);
    print  g_cl-->(0+1) ;
    print _bglArray.length(g_cl);
    print _bglArray.size(g_cl);
    g_sl-->(0+1) = 100;
    g_sl-->(1+1) = 200;
    g_sl-->(2+1) = 300;
    _bglArray.setLength(g_sl, 3);
    print _bglArray.length(g_sl);
    print _bglArray.size(g_sl);
    g_w-->(0+1) = 42;
    g_w-->(1+1) = 43;
    g_w-->(2+1) = 44;
    print _bglArray.length(g_w);
    print _bglArray.size(g_w);
    print _bglArray.indexOf(g_w, 43);
    if (_bglArray.append(g_ap, 10)) _bgl_temp1 = 1; else _bgl_temp1 = 0;
    print _bgl_temp1;
    if (_bglArray.append(g_ap, 20)) _bgl_temp2 = 1; else _bgl_temp2 = 0;
    print _bgl_temp2;
    if (_bglArray.append(g_ap, 30)) _bgl_temp3 = 1; else _bgl_temp3 = 0;
    print _bgl_temp3;
    print _bglArray.length(g_ap);
    print  g_ap-->(0+1) ;
    print  g_ap-->(2+1) ;
    _bglArray.append(g_pp, 10);
    _bglArray.append(g_pp, 20);
    _bglArray.prepend(g_pp, 5);
    print _bglArray.length(g_pp);
    print  g_pp-->(0+1) ;
    print  g_pp-->(1+1) ;
    print  g_pp-->(2+1) ;
    _bglArray.append(g_ins, 10);
    _bglArray.append(g_ins, 20);
    _bglArray.append(g_ins, 40);
    _bglArray.insert(g_ins, 2, 30);
    print _bglArray.length(g_ins);
    print  g_ins-->(2+1) ;
    print  g_ins-->(3+1) ;
    _bglArray.append(g_full, 1);
    _bglArray.append(g_full, 2);
    if (_bglArray.append(g_full, 3)) _bgl_temp4 = 1; else _bgl_temp4 = 0;
    print _bgl_temp4;
    print _bglArray.length(g_full);
    _bglArray.remove(g_rm, 2);
    print _bglArray.length(g_rm);
    print  g_rm-->(2+1) ;
    print  g_rm-->(3+1) ;
    _bglArray.remove(g_rm, 99);
    print _bglArray.length(g_rm);
    _bglArray.removeValue(g_rv, 7);
    print _bglArray.length(g_rv);
    print  g_rv-->(0+1) ;
    print  g_rv-->(1+1) ;
    print  g_rv-->(2+1) ;
    _bglArray.push(g_stack, 10);
    _bglArray.push(g_stack, 20);
    _bglArray.push(g_stack, 30);
    print _bglArray.length(g_stack);
    print _bglArray.peek(g_stack);
    print _bglArray.pop(g_stack);
    print _bglArray.pop(g_stack);
    print _bglArray.pop(g_stack);
    print _bglArray.length(g_stack);
    print _bglArray.pop(g_stack);
    _bglArray.enqueue(g_queue, 1);
    _bglArray.enqueue(g_queue, 2);
    _bglArray.enqueue(g_queue, 3);
    print _bglArray.dequeue(g_queue);
    print _bglArray.dequeue(g_queue);
    print _bglArray.length(g_queue);
    print _bglArray.peek(g_queue);
    print _bglArray.peekEnd(g_back);
    print _bglArray.popEnd(g_back);
    print _bglArray.length(g_back);
    print _bglArray.peekEnd(g_back);
    _bglArray.sort(g_unsorted, _bglArrayCompareAsc);
    print  g_unsorted-->(0+1) ;
    print  g_unsorted-->(1+1) ;
    print  g_unsorted-->(2+1) ;
    print  g_unsorted-->(3+1) ;
    print  g_unsorted-->(4+1) ;
    _bglArray.sort(g_descending, _bglLambda_0);
    print  g_descending-->(0+1) ;
    print  g_descending-->(4+1) ;
];
[_bglLambda_0 a b;
    if (a > b) {
        return -1;
    }
    if (a < b) {
        return 1;
    }
    return 0;
];
