!% -v5
!% -E1
!% $OMIT_UNUSED_ROUTINES=1
Constant beguiler = 5;
#Ifdef beguiler;#Endif;
global _bglInitDone = 0;
[bglInit;
    if(_bglInitDone) return;
    _bglInitDone = 1;
];
 Constant NO_ATTRIBUTE 0; 
global _bglWorldBufIdx = -1;
constant _bglWorldBufSize = 128;
object _zcode
;
object bgl
  with zcode _zcode
;
array g_src table 1 2 3;
[getList;
    return g_src;
];
[sumList xs total x _bglfi1;
    total = 0;
       _bglfi1 = 0;
       for (: _bglfi1 < xs-->0 : _bglfi1++) {
          x = xs-->(_bglfi1+1);
        total=total + x;
       }
    return total;
];
[main x _bglfia2 _bglfi3 total;
    _bglfia2 = getlist();
       _bglfi3 = 0;
       for (: _bglfi3 < _bglfia2-->0 : _bglfi3++) {
          x = _bglfia2-->(_bglfi3+1);
        print x;
       }
    total=sumlist(g_src);
    print total;
];
