!% -G
!% -E1
!% $OMIT_UNUSED_ROUTINES=1
Constant beguiler = 5;
#Ifdef beguiler;#Endif;

    Replace HandleGlkEvent _bglAuthorGlkEvent;

global _bglInitDone = 0;
[bglInit;
    if(_bglInitDone) return;
    _bglInitDone = 1;
];
 Constant NO_ATTRIBUTE 0; 
global _bglWorldBufIdx = -1;
constant _bglWorldBufSize = 128;
object _glulx
;
[_bglSuspendLineInput buffer;
    return 0;
];
[_bglResumeLineInput buffer typed;
];
[_bglGlkEvent event context buffer target typed;
    if (_bgl_bglOpCodes_aload(event, 0) ~= 8) {
        return false;
    }
    target = _bgl_bglOpCodes_aload(event, 2);
    __glkHook(258, _bgl_bglOpCodes_aload(event, 1));
    if ((~~(metaclass(target) == Routine))) {
        return false;
    }
    typed = 0;
    if (context == 0) {
        typed=_bglsuspendlineinput(buffer);
    }
     target(); 
    if (context == 0) {
        _bglresumelineinput(buffer, typed);
    }
    return true;
];
[_bglCurrentWindow stream win;
    stream=__glkHook(72);
    win=__glkHook(32, 0, 0);
    while (win ~= 0) {
        if (__glkHook(44, win) == stream) {
            return win;
        }
        win=__glkHook(32, win, 0);
    }
    return 0;
];
object bgl
  with glulx _glulx
;
class _bglClass_point
  class object
  with
    x,
    y
;
array pts table _bglanon4 _bglanon5;
_bglClass_point origin
  with x 0,
       y 0
;
array path table origin _bglanon6 _bglanon7;
array inferred table _bglanon8 _bglanon9;
[main;
    print ( pts-->(1+1) ).x;
    print ( path-->(1+1) ).y;
    print ( path-->(2+1) ).x;
    print ( inferred-->(0+1) ).x;
    print ( inferred-->(1+1) ).y;
    print pb.y;
    print pc.x;
];
_bglClass_point _bglanon4
  with x 1,
       y 2
;
_bglClass_point _bglanon5
  with x 3,
       y 4
;
_bglClass_point _bglanon6
  with x 5,
       y 5
;
_bglClass_point _bglanon7
  with x 9,
       y 9
;
_bglClass_point _bglanon8
  with x 7,
       y 8
;
_bglClass_point _bglanon9
  with x 9,
       y 10
;
_bglClass_point pb
  with x 11,
       y 12
;
_bglClass_point pc
  with x 13,
       y 14
;
[_bgl_float__oplteqgt a b;
    
            if(_bglFloatLt(a, b)) return -1;
            if(_bglFloatGt(a, b)) return 1;
            return 0;
        
];

    [ HandleGlkEvent event context buffer;
        if (_bglGlkEvent(event, context, buffer)) return -1;
        if (_bglAuthorGlkEvent) return _bglAuthorGlkEvent(event, context, buffer);
        return 0;
    ];

[__glkHook _vararg_count api args retval;
    @copy sp api;
    args=_vararg_count - 1;
    @glk api args retval;
    return retval;
];
[_bglFloatGt x y;
     @jfgt x y ?yes; rfalse; .yes; rtrue; 
];
[_bglFloatLt x y;
     @jflt x y ?yes; rfalse; .yes; rtrue; 
];
[_bgl_bglOpCodes_aload addr idx result;
     @aload addr idx result; 
    return result;
];
