!% -v5
!% -E1
!% $OMIT_UNUSED_ROUTINES=1
Constant beguiler = 5;
#Ifdef beguiler;#Endif;
global _bglInitDone = 0;
[bglInit;
    if(_bglInitDone) return;
    _bglInitDone = 1;
];
 Constant NO_ATTRIBUTE 0; 
global _bglWorldBufIdx = -1;
constant _bglWorldBufSize = 128;
object _zcode
;
object bgl
  with zcode _zcode
;
class _bglClass_sizeRec
  with
    width 0,
    height 0,
    _opeq[s;
        self.width=s.width;
        self.height=s.height;
        return self;
    ]
;
[_getInfo s;
    s = _bglLocal__getinfo_s;
    _bglLocal__getinfo_s.width = 0;
    _bglLocal__getinfo_s.height = 0;
    return s;
];
object drawer
  with img [_l_width _l_height sz;
    sz = _bglLocal_drawer__sz;
    _bglLocal_drawer__sz.width = 0;
    _bglLocal_drawer__sz.height = 0;
    if (_l_width == 0) {
        sz._opeq(_getinfo());
        _l_width=sz.width;
        _l_height=sz.height;
    }
    print _l_width;
    print _l_height;
  ]
;
[main;
    drawer.img(0, 0);
];
_bglClass_sizeRec _bglLocal__getinfo_s;
_bglClass_sizeRec _bglLocal_drawer__sz;
