!% -v5
!% -E1
Release 1;
global _bglInitDone = 0;
[bglInit;
    if(_bglInitDone) return;
    _bglInitDone = 1;
];
object _bglutil
;
object bgl
  with util _bglutil
;
[_bgl_replaced_add_0 a b;
    return a + b;
];
[main result;
    result=add();
];
[_bgl_replaced_add_1 x;
    return _bgl_replaced_add_0(x,10);
];
[add;
    return _bgl_replaced_add_1(42);
];
