!% -v5
!% -E1
Constant beguiler = 1000;
#Ifdef beguiler;#Endif;

    Constant story    = "";
    Constant headline = "";


    replace main _oldmain;

global _bglInitDone = 0;
[bglInit;
    if(_bglInitDone) return;
    _bglInitDone = 1;
];
object _bglUtil
;
object bgl
  with utilities _bglutil
;

! test_inf_mode_verb_in_island.inf — verb declarations inside `#bgl{}` islands
! must emit the corresponding `object <verbname>`, `[<verbname>sub;…]` action
! routine, and `verb '<word>'` grammar block. Two regressions blocked this:
!   (1) The `#bgl{}` auto-detector only recognised `Type Name (`/`;`/`=` as a
!       declaration form, not `Type Name {`, so `verb foo {…}` got routed to
!       the statement parser and silently dropped.
!   (2) `registerVerbObject` didn't re-push to globals when claiming a pre-pass
!       stub, so even when parsing succeeded the verb never reached emit.


object helloverb
  with handler [;
    print (string)"hello";
  ]
;
[helloverbsub;
                helloverb.handler();
            ];
verb 'greet'
    * noun -> helloverb;



    [main; 
        bglInit();
        _oldmain();
    ];

end;
