!% -G
!% -E1
global _bglInitDone = 0;
[bglInit;
    if(_bglInitDone) return;
    _bglInitDone = 1;
];
[__glkHook _vararg_count api args retval;
    @copy sp api;
    args=_vararg_count - 1;
    @glk api args retval;
    return retval;
];
object _glulx
;
object _bglUtil
;
object bgl
  with glulx _glulx,
       utilities _bglutil
;
! test_inf_mode_basic.inf — .inf-as-input mode positive baseline.
!
! Exercises the full .inf-mode pipeline:
!   1. The whole file is read as raw I6 (this comment passes through verbatim).
!   2. The Beguile Language Runtime auto-loads at the top of the output, so types
!      and emitters are available inside #bgl{} blocks.
!   3. Multi-line #bgl{...} blocks compile as Beguile statements (loose mode), then
!      splice back into the I6 stream where they appeared in source.
!   4. Single-line `#bgl stmt;` form (terminated by newline) also works.
!   5. Beguile-side identifier resolution finds Runtime symbols (bglInit, etc.)
!      and Beguile enum values (Glulx of eTarget) from inside the #bgl block.
!   6. EOF terminates the implicit raw-I6 region naturally — no missing-brace error.
!
! Per the rule "no local variable declarations in statement islands", any `Type ident`
! shape elevates to decl mode. This test stays in pure statement mode by referencing
! the enum value directly (Glulx) instead of declaring a typed local.

[ Main x;
    print "hello from raw I6.^";

    ! Multi-line #bgl block — pure statement mode: assigns a Beguile enum value
    ! to an I6 local and calls a Runtime function.
    x = glulx;
bglinit();


    ! Single-line form — this writes one statement that emits inline.
    x = x+1;


    print "x = ", x, "^";
    print "back in raw I6.^";
];

