!% -v5
!% -E1
!% $OMIT_UNUSED_ROUTINES=1
Constant beguiler = 5;
#Ifdef beguiler;#Endif;
Constant _BGL_TRACKED_ARRAYS;
   Array _bglFramePool --> 64;
   Global _bglFrameTop = 0;
   [ _bglFrameAlloc size r;
      if (_bglFrameTop + size > 64) {
         print "^[Beguile runtime error: frame pool exhausted]^";
         quit;
      }
      r = _bglFrameTop;
      _bglFrameTop = _bglFrameTop + size;
      return _bglFramePool + (r * WORDSIZE);
   ];
   [ _bglFrameFree size;
      _bglFrameTop = _bglFrameTop - size;
   ];
   [ _bglArrayLocalAlloc size r i;
      r = _bglFrameAlloc(size + 3);
      r-->0 = size + 2;
      for (i = 1: i <= size: i++) r-->i = 0;
      r-->(size + 1) = 0;
      r-->(size + 2) = $9084;
      return r;
   ];
   [ _bglArrayLocalAllocPlain size r i;
      r = _bglFrameAlloc(size + 1);
      r-->0 = size;
      for (i = 1: i <= size: i++) r-->i = 0;
      return r;
   ];
   [ _bglRawArrayLocalAlloc size r i;
      r = _bglFrameAlloc(size);
      for (i = 0: i < size: i++) r-->i = 0;
      return r;
   ];
   [ _bglByteArrayLocalAlloc nbytes words r i;
      words = 1 + ((nbytes + WORDSIZE - 1) / WORDSIZE);
      r = _bglFrameAlloc(words);
      for (i = 0: i < words: i++) r-->i = 0;
      r-->0 = nbytes;
      return r;
   ];
   [ _bglByteArrayLocalFree nbytes;
      _bglFrameFree(1 + ((nbytes + WORDSIZE - 1) / WORDSIZE));
   ];
   [ _bglByteArrayLocalCopy dst src i;
      for (i = 0: i < src-->0: i++) dst->(WORDSIZE + i) = src->(WORDSIZE + i);
   ];
global _bglInitDone = 0;
[bglInit;
    if(_bglInitDone) return;
    _bglInitDone = 1;
    dst-->(dst-->0) = $9084;
];
 Constant NO_ATTRIBUTE 0; 
global _bglWorldBufIdx = -1;
constant _bglWorldBufSize = 128;
object _zcode
;
object bgl
  with zcode _zcode
;
[_bglArrayCompareAsc lhs rhs;
    
        if(lhs < rhs) return -1;
        if(lhs > rhs) return 1;
        return 0;
    
];
array src table 11 22 33 44 4 $9084;
array dst table 10;
[main keep picked;
    keep = _bglArrayLocalAlloc(8);
    bglinit();
    _bglArray.copy(dst, 0, src, 0);
    _bglArray.copy(keep, 0, src, 0);
    picked = dst;
    _bglFrameFree(11);
];
object _bglArray
  with rawGet [addr slot;
     return addr-->slot; 
  ],
       get [obj prop n;
    
            if(metaclass(obj)==object) return obj.&prop-->n;
            return obj-->(n+1);
        
  ],
       set [obj prop n v;
    
            if(metaclass(obj)==object){ obj.&prop-->n = v; return; }
            obj-->(n+1) = v;
        
  ],
       copy [dobj dprop sobj sprop n cap i;
    n=self.length(sobj,sprop);
    cap=self.size(dobj,dprop);
    if (n > cap) {
        n=cap;
    }
    for (i = 0 : i < n : i++) {
        self.set(dobj, dprop, i, self.get(sobj,sprop,i));
    }
    self.setlength(dobj, dprop, n);
  ],
       isTracked [obj prop hdr;
     if(metaclass(obj)==object) rfalse; 
    hdr = self.rawget(obj,0);
    return self.rawget(obj,hdr)==36996 && self.rawget(obj,hdr-1)>=0;
  ],
       size [obj prop;
     if(metaclass(obj)==object) return obj.#prop/WORDSIZE - 1; 
    if (self.istracked(obj,prop)) {
        return self.rawget(obj,0)-2;
    }
    return self.rawget(obj,0);
  ],
       length [obj prop;
     if(metaclass(obj)==object) return obj.&prop-->(obj.#prop/WORDSIZE - 1); 
    if (self.istracked(obj,prop)) {
        return self.rawget(obj,self.rawget(obj,0)-1);
    }
    return self.rawget(obj,0);
  ],
       setLength [obj prop n cap;
    if (n < 0) {
        print (string)"^[Beguile runtime error: array length exceeds signed range (max 32767 on Z, 2^31-1 on Glulx)]^";
         quit; 
    }
    cap=self.size(obj,prop);
    if (n > cap) {
        n=cap;
    }
     if(metaclass(obj)==object){ obj.&prop-->(obj.#prop/WORDSIZE - 1) = n; return; } 
    if (self.istracked(obj,prop)) {
        self.set(obj, prop, self.size(obj,prop), n);
    }
  ]
;
