!% -v5
!% -E1
!% $OMIT_UNUSED_ROUTINES=1
Constant beguiler = 5;
#Ifdef beguiler;#Endif;
global _bglInitDone = 0;
[bglInit;
    if(_bglInitDone) return;
    _bglInitDone = 1;
];
 Constant NO_ATTRIBUTE 0; 
global _bglWorldBufIdx = -1;
constant _bglWorldBufSize = 128;
object _zcode
;
object bgl
  with zcode _zcode
;
object hook
;
class _bglClass_Widget
  class object
  with
    internalCount,
    _widgetRefresh[;
        self.internalCount=self.internalCount + 1;
    ],
    _opeqeq[o;
        return self.internalCount == o;
    ]
;
object plain
  with _plainPing [;
  ]
;
_bglClass_Widget w
;
[main;
    w.internalCount = 5;
    w._widgetRefresh();
    plain._plainPing();
    print w.internalCount;
];
