!% -v5
!% -E1
!% $OMIT_UNUSED_ROUTINES=1
Constant beguiler = 5;
#Ifdef beguiler;#Endif;
global _bglInitDone = 0;
[bglInit;
    if(_bglInitDone) return;
    _bglInitDone = 1;
];
 Constant NO_ATTRIBUTE 0; 
global _bglWorldBufIdx = -1;
constant _bglWorldBufSize = 128;
object _zcode
;
object bgl
  with zcode _zcode
;
global counter = 0;
class _bglClass_Score
  with
    value 0,
    bump[amount;
        self.value=self.value + amount;
    ],
    doubled[;
        return self.value * 2;
    ]
;
_bglClass_Score s
;
[makeCount counter;
    return counter + 1;
];
[main twiceVal;
    print counter;
    counter = 5;
    print makecount(10);
    print counter;
    s.bump(3);
    s.bump(4);
    print s.value;
    print s.doubled();
    twiceVal = _bglLambda_0;
    print twiceVal(6);
];
[_bglLambda_0 _l_value;
    return _l_value + _l_value;
];
