!% -v5
!% -E1
!% $OMIT_UNUSED_ROUTINES=1
Constant beguiler = 1000;
#Ifdef beguiler;#Endif;

    Constant story    = "";
    Constant headline = "";


    replace main _oldmain;

global _bglInitDone = 0;
[bglInit;
    if(_bglInitDone) return;
    _bglInitDone = 1;
];
object _zcode
;
object _bglUtil
;
object bgl
  with zcode _zcode,
       bglUtil _bglutil
;
class marble
  with
    name 'chocolate' 'covered' 'marble' 'marbles/p' 
;
thing widget
  with name 'gadget' 'gizmo' 
;
[main;
];

    [main; 
        bglInit();
        _oldmain();
    ];

