!% -v5
!% -E1
!% $OMIT_UNUSED_ROUTINES=1
Constant beguiler = 5;
#Ifdef beguiler;#Endif;
global _bglInitDone = 0;
[bglInit;
    if(_bglInitDone) return;
    _bglInitDone = 1;
];
 Constant NO_ATTRIBUTE 0; 
global _bglWorldBufIdx = -1;
constant _bglWorldBufSize = 128;
object _zcode
;
object bgl
  with zcode _zcode
;
class _bglClass_nativeBox
  with
    _v 7,
    _opconv_int[;
        return self._v * 3;
    ]
;
class _bglClass_emitBox
  with
    _v 9
;
class _bglClass_holder
  class object
  with
    n,
    e
;
_bglClass_nativeBox _h_n;
_bglClass_emitBox _h_e;
_bglClass_holder h
  with e _h_e,
       n _h_n
;
[main a b;
    a=h.n._opconv_int();
    b=h.e._v;
    print a;
    print b;
];
