!% -v5
!% -E1
!% $OMIT_UNUSED_ROUTINES=1
Constant beguiler = 1000;
#Ifdef beguiler;#Endif;
Release 1;
global _bglInitDone = 0;
[bglInit;
    if(_bglInitDone) return;
    _bglInitDone = 1;
];
object _zcode
;
object _bglUtil
;
object bgl
  with zcode _zcode,
       bglUtil _bglutil
;
[add a b;
    return a + b;
];
[add x;
    return _bgl_replaced_add_0(x,10);
];
[add;
    return _bgl_replaced_add_1(42);
];
[main result;
    result=add();
];
