!% -G
!% -E1
Constant beguiler = 1000;
#Ifdef beguiler;#Endif;

        Constant FROM_FIRST_ISLAND;
    

        Constant FROM_SECOND_ISLAND;
    

        Constant FROM_THIRD_ISLAND;
    
global _bglInitDone = 0;
[bglInit;
    if(_bglInitDone) return;
    _bglInitDone = 1;
];
object _bglUtil
;
object bgl
  with utilities _bglutil
;
! test_inf_mode_emitfirst_additive.inf — Slice 5c: #emitfirst is additive across all
! references in the same source file. Multiple #bglDecl islands each contributing an
! #emitfirst block must all register; the previous per-file dedup gate is gone (#once
! is now the sole mechanism for re-include cycle protection).










[ Main;
    print "hi.^";
];


end;
