!% -v5
!% -E1

    Array _bglScratchStack --> 33;
    Global _bglScratchTop = 0;
    [ _bglScratchPush v;
        if(_bglScratchTop >= 31){
            print "^[Beguile runtime error: for-in literal-list scratch exhausted]^";
            quit;
        }
        _bglScratchTop++;
        _bglScratchStack-->_bglScratchTop = v;
    ];
    [ _bglScratchMake count;
        _bglScratchStack-->(_bglScratchStack-->0) = $9084;     ! magic marker
        _bglScratchStack-->(_bglScratchStack-->0 - 1) = count; ! length
        _bglScratchTop = 0;
        return _bglScratchStack;
    ];

global _bglInitDone = 0;
[bglInit;
    if(_bglInitDone) return;
    _bglInitDone = 1;
];
object _bglUtil
;
object bgl
  with utilities _bglutil
;
array g_src table 1 2 3;
[getList;
    return g_src;
];
[sumList xs total x _bglfi0;
    total = 0;
    _bglfi0 = 0;
    for (: _bglfi0 < xs-->0 : _bglfi0++) {
        x = xs-->(_bglfi0+1);
        total = total + x;
    }
    return total;
];
[main x _bglfia1 _bglfi2 total;
    _bglfia1 = getlist();
    _bglfi2 = 0;
    for (: _bglfi2 < _bglfia1-->0 : _bglfi2++) {
        x = _bglfia1-->(_bglfi2+1);
        print x;
    }
    total=sumlist(g_src);
    print total;
];
