!% -v5
!% -E1
!% $OMIT_UNUSED_ROUTINES=1
Constant beguiler = 5;
#Ifdef beguiler;#Endif;
global _bglInitDone = 0;
[bglInit;
    if(_bglInitDone) return;
    _bglInitDone = 1;
];
 Constant NO_ATTRIBUTE 0; 
global _bglWorldBufIdx = -1;
constant _bglWorldBufSize = 128;
object _zcode
;
object bgl
  with zcode _zcode
;
class _bglClass_point
  with
    x,
    y,
    _opeq[other;
        self.x=other.x;
        self.y=other.y;
        return self;
    ]
;
class _bglClass_wrapper
  class object
  with
    inner
;
_bglClass_point _bglGlobal_pa;
global pa = _bglGlobal_pa;
_bglClass_point _bglGlobal_pb;
global pb = _bglGlobal_pb;
_bglClass_point _w_inner;
_bglClass_wrapper w
  with inner _w_inner
;
[makePoint p;
    p = _bglLocal_makepoint_p;
    _bglLocal_makepoint_p.x = 0;
    _bglLocal_makepoint_p.y = 0;
    p._opeq(pa);
    p.x = 7;
    return p;
];
[main;
    pb._opeq(makepoint());
    w.inner._opeq(makepoint());
];
_bglClass_point _bglLocal_makepoint_p;
