!% -v5
!% -E1
!% $OMIT_UNUSED_ROUTINES=1
Constant beguiler = 5;
#Ifdef beguiler;#Endif;
global _bglInitDone = 0;
[bglInit;
    if(_bglInitDone) return;
    _bglInitDone = 1;
];
 Constant NO_ATTRIBUTE 0; 
global _bglWorldBufIdx = -1;
constant _bglWorldBufSize = 128;
object _zcode
;
object bgl
  with zcode _zcode
;
class _bglClass_Box
  with
    _val 0,
    _opconv_int[;
        return self._val;
    ],
    _opeq[v;
        self._val=v;
    ]
;
class _bglClass_Thing
  class object
  with
    b
;
_bglClass_Box _t1_b;
_bglClass_Thing t1
  with b _t1_b
;
_bglClass_Box _t2_b;
_bglClass_Thing t2
  with b _t2_b
;
_bglClass_Box _t3_b;
_bglClass_Thing t3
  with b _t3_b
;
[main;
    t1.b._opeq(5);
    t2.b._opeq(9);
    t3.b._opeq(100);
    print t1.b._opconv_int();
    print t2.b._opconv_int();
    print t3.b._opconv_int();
];
